[INFO] Scanning for projects...
[INFO] 
[INFO] ------------------< com.strategysquad:strategy-squad >------------------
[INFO] Building Strategy Squad 0.1.0-SNAPSHOT
[INFO]   from pom.xml
[INFO] --------------------------------[ jar ]---------------------------------
[INFO] 
[INFO] --- resources:3.4.0:resources (default-resources) @ strategy-squad ---
[INFO] skip non existing resourceDirectory c:\Users\shiva\OptionAlpha\strategy-squad\src\main\resources
[INFO] 
[INFO] --- compiler:3.11.0:compile (default-compile) @ strategy-squad ---
[INFO] Nothing to compile - all classes are up to date
[INFO] 
[INFO] --- resources:3.4.0:testResources (default-testResources) @ strategy-squad ---
[INFO] skip non existing resourceDirectory c:\Users\shiva\OptionAlpha\strategy-squad\src\test\resources
[INFO] 
[INFO] --- compiler:3.11.0:testCompile (default-testCompile) @ strategy-squad ---
[INFO] Nothing to compile - all classes are up to date
[INFO] 
[INFO] --- surefire:3.2.5:test (default-test) @ strategy-squad ---
[INFO] Using auto detected provider org.apache.maven.surefire.junitplatform.JUnitPlatformProvider
[INFO] 
[INFO] -------------------------------------------------------
[INFO]  T E S T S
[INFO] -------------------------------------------------------
[INFO] Running com.strategysquad.agentic.booking.ProfitBookingAgentTest
[INFO] Tests run: 14, Failures: 0, Errors: 0, Skipped: 0, Time elapsed: 0.348 s -- in com.strategysquad.agentic.booking.ProfitBookingAgentTest
[INFO] Running com.strategysquad.agentic.builder.PositionBuilderAgentTest
[INFO] Tests run: 15, Failures: 0, Errors: 0, Skipped: 0, Time elapsed: 0.059 s -- in com.strategysquad.agentic.builder.PositionBuilderAgentTest
[INFO] Running com.strategysquad.agentic.decision.DecisionAuditWriterTest
[INFO] Tests run: 10, Failures: 0, Errors: 0, Skipped: 0, Time elapsed: 0.083 s -- in com.strategysquad.agentic.decision.DecisionAuditWriterTest
[INFO] Running com.strategysquad.agentic.decision.DecisionPolicyTest
[INFO] Tests run: 27, Failures: 0, Errors: 0, Skipped: 0, Time elapsed: 0.053 s -- in com.strategysquad.agentic.decision.DecisionPolicyTest
[INFO] Running com.strategysquad.agentic.Phase2ReplayTest
[INFO] Tests run: 4, Failures: 0, Errors: 0, Skipped: 0, Time elapsed: 0.059 s -- in com.strategysquad.agentic.Phase2ReplayTest
[INFO] Running com.strategysquad.agentic.Phase3EnterSessionTest
[INFO] Tests run: 2, Failures: 0, Errors: 0, Skipped: 0, Time elapsed: 0.020 s -- in com.strategysquad.agentic.Phase3EnterSessionTest
[INFO] Running com.strategysquad.agentic.Phase3SimulationTest
[INFO] Tests run: 1, Failures: 0, Errors: 0, Skipped: 0, Time elapsed: 0.179 s -- in com.strategysquad.agentic.Phase3SimulationTest
[INFO] Running com.strategysquad.agentic.risk.RiskGuardServiceTest
[INFO] Tests run: 13, Failures: 0, Errors: 0, Skipped: 0, Time elapsed: 0.009 s -- in com.strategysquad.agentic.risk.RiskGuardServiceTest
[INFO] Running com.strategysquad.agentic.scanner.CandidateScoringEngineTest
[INFO] Tests run: 23, Failures: 0, Errors: 0, Skipped: 0, Time elapsed: 0.044 s -- in com.strategysquad.agentic.scanner.CandidateScoringEngineTest
[INFO] Running com.strategysquad.agentic.scanner.MorningScannerServiceTest
[INFO] Tests run: 6, Failures: 0, Errors: 0, Skipped: 0, Time elapsed: 0.039 s -- in com.strategysquad.agentic.scanner.MorningScannerServiceTest
[INFO] Running com.strategysquad.agentic.scanner.Phase1SmokeTest
[INFO] Tests run: 3, Failures: 0, Errors: 0, Skipped: 0, Time elapsed: 0.010 s -- in com.strategysquad.agentic.scanner.Phase1SmokeTest
[INFO] Running com.strategysquad.agentic.scanner.ScannerQueryTest
[INFO] Tests run: 6, Failures: 0, Errors: 0, Skipped: 0, Time elapsed: 0.059 s -- in com.strategysquad.agentic.scanner.ScannerQueryTest
[INFO] Running com.strategysquad.agentic.signal.SignalSnapshotServiceTest
[INFO] Tests run: 21, Failures: 0, Errors: 0, Skipped: 0, Time elapsed: 0.015 s -- in com.strategysquad.agentic.signal.SignalSnapshotServiceTest
[INFO] Running com.strategysquad.aggregation.ContextualAggregationJobTest
[INFO] Tests run: 3, Failures: 0, Errors: 0, Skipped: 0, Time elapsed: 0.047 s -- in com.strategysquad.aggregation.ContextualAggregationJobTest
[INFO] Running com.strategysquad.aggregation.Options15mBucketAggregatorTest
[INFO] Tests run: 3, Failures: 0, Errors: 0, Skipped: 0, Time elapsed: 0 s -- in com.strategysquad.aggregation.Options15mBucketAggregatorTest
[INFO] Running com.strategysquad.aggregation.Options15mBucketWriterTest
[INFO] Tests run: 2, Failures: 0, Errors: 0, Skipped: 0, Time elapsed: 0.007 s -- in com.strategysquad.aggregation.Options15mBucketWriterTest
[INFO] Running com.strategysquad.aggregation.OptionsContextBucketAggregatorTest
[INFO] Tests run: 3, Failures: 0, Errors: 0, Skipped: 0, Time elapsed: 0.001 s -- in com.strategysquad.aggregation.OptionsContextBucketAggregatorTest
[INFO] Running com.strategysquad.aggregation.OptionsContextBucketWriterTest
[INFO] Tests run: 2, Failures: 0, Errors: 0, Skipped: 0, Time elapsed: 0.002 s -- in com.strategysquad.aggregation.OptionsContextBucketWriterTest
[INFO] Running com.strategysquad.derived.PcrHistoricalAggregatorTest
[INFO] Tests run: 2, Failures: 0, Errors: 0, Skipped: 0, Time elapsed: 0.017 s -- in com.strategysquad.derived.PcrHistoricalAggregatorTest
[INFO] Running com.strategysquad.derived.PcrHistoricalWriterTest
[INFO] Tests run: 1, Failures: 0, Errors: 0, Skipped: 0, Time elapsed: 0.002 s -- in com.strategysquad.derived.PcrHistoricalWriterTest
[INFO] Running com.strategysquad.enrichment.OptionsEnrichedWriterTest
[INFO] Tests run: 1, Failures: 0, Errors: 0, Skipped: 0, Time elapsed: 0.016 s -- in com.strategysquad.enrichment.OptionsEnrichedWriterTest
[INFO] Running com.strategysquad.enrichment.OptionsEnricherTest
[INFO] Tests run: 2, Failures: 0, Errors: 0, Skipped: 0, Time elapsed: 0.002 s -- in com.strategysquad.enrichment.OptionsEnricherTest
[INFO] Running com.strategysquad.enrichment.OptionsEnrichmentJobTest
[INFO] Tests run: 2, Failures: 0, Errors: 0, Skipped: 0, Time elapsed: 0.019 s -- in com.strategysquad.enrichment.OptionsEnrichmentJobTest
[INFO] Running com.strategysquad.enrichment.SpotLiveLookupTest
[INFO] Tests run: 2, Failures: 0, Errors: 0, Skipped: 0, Time elapsed: 0.005 s -- in com.strategysquad.enrichment.SpotLiveLookupTest
[INFO] Running com.strategysquad.ingestion.bhavcopy.BhavcopyArchiveDownloaderTest
[INFO] Tests run: 7, Failures: 0, Errors: 0, Skipped: 0, Time elapsed: 0.092 s -- in com.strategysquad.ingestion.bhavcopy.BhavcopyArchiveDownloaderTest
[INFO] Running com.strategysquad.ingestion.bhavcopy.BhavcopyBulkLoadJobTest
[INFO] Tests run: 6, Failures: 0, Errors: 0, Skipped: 0, Time elapsed: 0.054 s -- in com.strategysquad.ingestion.bhavcopy.BhavcopyBulkLoadJobTest
[INFO] Running com.strategysquad.ingestion.bhavcopy.BhavcopyCsvReaderTest
[INFO] Tests run: 4, Failures: 0, Errors: 0, Skipped: 0, Time elapsed: 0.028 s -- in com.strategysquad.ingestion.bhavcopy.BhavcopyCsvReaderTest
[INFO] Running com.strategysquad.ingestion.bhavcopy.BhavcopyFilterTest
[INFO] Tests run: 10, Failures: 0, Errors: 0, Skipped: 0, Time elapsed: 0.007 s -- in com.strategysquad.ingestion.bhavcopy.BhavcopyFilterTest
[INFO] Running com.strategysquad.ingestion.bhavcopy.BhavcopyIngestionJobTest
[INFO] Tests run: 4, Failures: 0, Errors: 0, Skipped: 0, Time elapsed: 0.041 s -- in com.strategysquad.ingestion.bhavcopy.BhavcopyIngestionJobTest
[INFO] Running com.strategysquad.ingestion.bhavcopy.BhavcopyNormalizerTest
[INFO] Tests run: 5, Failures: 0, Errors: 0, Skipped: 0, Time elapsed: 0.008 s -- in com.strategysquad.ingestion.bhavcopy.BhavcopyNormalizerTest
[INFO] Running com.strategysquad.ingestion.bhavcopy.BhavcopyRelevantCsvFilterTest
[INFO] Tests run: 2, Failures: 0, Errors: 0, Skipped: 0, Time elapsed: 0.018 s -- in com.strategysquad.ingestion.bhavcopy.BhavcopyRelevantCsvFilterTest
[INFO] Running com.strategysquad.ingestion.bhavcopy.BhavcopyReportDiscovererTest
[INFO] Tests run: 3, Failures: 0, Errors: 0, Skipped: 0, Time elapsed: 0.003 s -- in com.strategysquad.ingestion.bhavcopy.BhavcopyReportDiscovererTest
[INFO] Running com.strategysquad.ingestion.bhavcopy.BhavcopyReportSelectorTest
[INFO] Tests run: 4, Failures: 0, Errors: 0, Skipped: 0, Time elapsed: 0.003 s -- in com.strategysquad.ingestion.bhavcopy.BhavcopyReportSelectorTest
[INFO] Running com.strategysquad.ingestion.bhavcopy.BhavcopyWriterTest
[INFO] Tests run: 6, Failures: 0, Errors: 0, Skipped: 0, Time elapsed: 0.008 s -- in com.strategysquad.ingestion.bhavcopy.BhavcopyWriterTest
[INFO] Running com.strategysquad.ingestion.bhavcopy.BhavcopyZipExtractorTest
[INFO] Tests run: 2, Failures: 0, Errors: 0, Skipped: 0, Time elapsed: 0.017 s -- in com.strategysquad.ingestion.bhavcopy.BhavcopyZipExtractorTest
[INFO] Running com.strategysquad.ingestion.bhavcopy.InstrumentKeyTest
[INFO] Tests run: 6, Failures: 0, Errors: 0, Skipped: 0, Time elapsed: 0.004 s -- in com.strategysquad.ingestion.bhavcopy.InstrumentKeyTest
[INFO] Running com.strategysquad.ingestion.bhavcopy.InstrumentResolverTest
[INFO] Tests run: 3, Failures: 0, Errors: 0, Skipped: 0, Time elapsed: 0 s -- in com.strategysquad.ingestion.bhavcopy.InstrumentResolverTest
[INFO] Running com.strategysquad.ingestion.bhavcopy.SpotBhavcopyFilterTest
[INFO] Tests run: 5, Failures: 0, Errors: 0, Skipped: 0, Time elapsed: 0.004 s -- in com.strategysquad.ingestion.bhavcopy.SpotBhavcopyFilterTest
[INFO] Running com.strategysquad.ingestion.bhavcopy.SpotBhavcopyNormalizerTest
[INFO] Tests run: 4, Failures: 0, Errors: 0, Skipped: 0, Time elapsed: 0.004 s -- in com.strategysquad.ingestion.bhavcopy.SpotBhavcopyNormalizerTest
[INFO] Running com.strategysquad.ingestion.bhavcopy.SpotBhavcopyWriterTest
[INFO] Tests run: 2, Failures: 0, Errors: 0, Skipped: 0, Time elapsed: 0.002 s -- in com.strategysquad.ingestion.bhavcopy.SpotBhavcopyWriterTest
[INFO] Running com.strategysquad.ingestion.kite.KiteDailyTokenStoreTest
[INFO] Tests run: 1, Failures: 0, Errors: 0, Skipped: 0, Time elapsed: 0.009 s -- in com.strategysquad.ingestion.kite.KiteDailyTokenStoreTest
[INFO] Running com.strategysquad.ingestion.kite.KiteInstrumentFilterTest
[INFO] Tests run: 1, Failures: 0, Errors: 0, Skipped: 0, Time elapsed: 0.009 s -- in com.strategysquad.ingestion.kite.KiteInstrumentFilterTest
[INFO] Running com.strategysquad.ingestion.kite.KiteInstrumentRecordTest
[INFO] Tests run: 1, Failures: 0, Errors: 0, Skipped: 0, Time elapsed: 0 s -- in com.strategysquad.ingestion.kite.KiteInstrumentRecordTest
[INFO] Running com.strategysquad.ingestion.live.LiveTickIngestionJobTest
[INFO] Tests run: 3, Failures: 0, Errors: 0, Skipped: 0, Time elapsed: 0.013 s -- in com.strategysquad.ingestion.live.LiveTickIngestionJobTest
[INFO] Running com.strategysquad.ingestion.live.OptionLiveTickTest
[INFO] Tests run: 2, Failures: 0, Errors: 0, Skipped: 0, Time elapsed: 0.002 s -- in com.strategysquad.ingestion.live.OptionLiveTickTest
[INFO] Running com.strategysquad.ingestion.live.OptionsLiveWriterTest
[INFO] Tests run: 1, Failures: 0, Errors: 0, Skipped: 0, Time elapsed: 0 s -- in com.strategysquad.ingestion.live.OptionsLiveWriterTest
[INFO] Running com.strategysquad.ingestion.live.SpotLiveTickTest
[INFO] Tests run: 2, Failures: 0, Errors: 0, Skipped: 0, Time elapsed: 0.003 s -- in com.strategysquad.ingestion.live.SpotLiveTickTest
[INFO] Running com.strategysquad.ingestion.live.SpotLiveWriterTest
[INFO] Tests run: 1, Failures: 0, Errors: 0, Skipped: 0, Time elapsed: 0 s -- in com.strategysquad.ingestion.live.SpotLiveWriterTest
[INFO] Running com.strategysquad.research.CanonicalPriceResolverServiceTest
[price-resolver] instrumentKey=OPT-1 sessionState=LIVE_MARKET selectedSource=live_cache priceType=LIVE_LTP price=141.25 asOf=2026-04-21T06:00:00Z tradeDate=2026-04-21 stale=false reason=Live option price
[price-resolver] instrumentKey=OPT-3 sessionState=POST_CLOSE selectedSource=historical_db priceType=PRE_CLOSE_LAST_TRADE price=118.55 asOf=2026-04-21T09:59:59Z tradeDate=2026-04-21 stale=false reason=Official close unavailable; using last valid trade before close
[price-resolver] instrumentKey=NIFTY sessionState=HOLIDAY_NO_SESSION selectedSource=historical_db priceType=PRIOR_CLOSE price=22461.40 asOf=2026-04-20T04:30:00Z tradeDate=2026-04-17 stale=false reason=Prior close
[price-resolver] instrumentKey=NIFTY sessionState=EOD_FINALIZED selectedSource=historical_db priceType=OFFICIAL_CLOSE price=25174.60 asOf=2026-04-23T11:35:00Z tradeDate=2026-04-23 stale=false reason=Official close
[price-resolver] instrumentKey=OPT-2 sessionState=POST_CLOSE selectedSource=historical_db priceType=OFFICIAL_CLOSE price=132.00 asOf=2026-04-21T10:00:00Z tradeDate=2026-04-21 stale=false reason=Official close
[price-resolver] instrumentKey=NIFTY-2026-04-30-22500-PE sessionState=POST_CLOSE selectedSource=unavailable priceType=UNAVAILABLE price=unavailable asOf=2026-04-21T10:15:00Z tradeDate=null stale=true reason=Exact contract lookup failed
[price-resolver] instrumentKey=OPT-6 sessionState=LIVE_MARKET selectedSource=unavailable priceType=UNAVAILABLE price=unavailable asOf=2026-04-21T05:40:05Z tradeDate=null stale=true reason=No live or intraday price available
[price-resolver] instrumentKey=OPT-4 sessionState=EOD_FINALIZED selectedSource=historical_db priceType=PRIOR_CLOSE price=99.80 asOf=2026-04-18T10:00:00Z tradeDate=2026-04-18 stale=false reason=Official close missing; using prior close
[INFO] Tests run: 8, Failures: 0, Errors: 0, Skipped: 0, Time elapsed: 0.013 s -- in com.strategysquad.research.CanonicalPriceResolverServiceTest
[INFO] Running com.strategysquad.research.CanonicalScenarioResolverTest
[INFO] Tests run: 4, Failures: 0, Errors: 0, Skipped: 0, Time elapsed: 0.003 s -- in com.strategysquad.research.CanonicalScenarioResolverTest
[INFO] Running com.strategysquad.research.DeltaAdjustmentServiceTest
[INFO] Tests run: 9, Failures: 0, Errors: 0, Skipped: 0, Time elapsed: 0.062 s -- in com.strategysquad.research.DeltaAdjustmentServiceTest
[INFO] Running com.strategysquad.research.DiagnosticsSnapshotCalculatorTest
[INFO] Tests run: 1, Failures: 0, Errors: 0, Skipped: 0, Time elapsed: 0.013 s -- in com.strategysquad.research.DiagnosticsSnapshotCalculatorTest
[INFO] Running com.strategysquad.research.EconomicMetricsTransformerTest
[INFO] Tests run: 3, Failures: 0, Errors: 0, Skipped: 0, Time elapsed: 0.007 s -- in com.strategysquad.research.EconomicMetricsTransformerTest
[INFO] Running com.strategysquad.research.EmpiricalDeltaResponseServiceTest
[INFO] Tests run: 3, Failures: 0, Errors: 0, Skipped: 0, Time elapsed: 0.003 s -- in com.strategysquad.research.EmpiricalDeltaResponseServiceTest
[INFO] Running com.strategysquad.research.FairValueSnapshotCalculatorTest
[INFO] Tests run: 2, Failures: 0, Errors: 0, Skipped: 0, Time elapsed: 0 s -- in com.strategysquad.research.FairValueSnapshotCalculatorTest
[INFO] Running com.strategysquad.research.ForwardOutcomeSnapshotCalculatorTest
[INFO] Tests run: 2, Failures: 0, Errors: 0, Skipped: 0, Time elapsed: 0 s -- in com.strategysquad.research.ForwardOutcomeSnapshotCalculatorTest
[INFO] Running com.strategysquad.research.LiveEconomicMetricsTransformerTest
[INFO] Tests run: 2, Failures: 0, Errors: 0, Skipped: 0, Time elapsed: 0.006 s -- in com.strategysquad.research.LiveEconomicMetricsTransformerTest
[INFO] Running com.strategysquad.research.LiveMarketReadinessServiceTest
[INFO] Tests run: 3, Failures: 0, Errors: 0, Skipped: 0, Time elapsed: 0.006 s -- in com.strategysquad.research.LiveMarketReadinessServiceTest
[INFO] Running com.strategysquad.research.LotSizingRulesTest
[INFO] Tests run: 4, Failures: 0, Errors: 0, Skipped: 0, Time elapsed: 0.005 s -- in com.strategysquad.research.LotSizingRulesTest
[INFO] Running com.strategysquad.research.MarketSessionStateResolverTest
[session-state] transition UNKNOWN -> LIVE_MARKET at 2026-04-21T11:00+05:30[Asia/Kolkata]
[session-state] transition UNKNOWN -> PREOPEN at 2026-04-21T08:30+05:30[Asia/Kolkata]
[session-state] transition UNKNOWN -> EOD_FINALIZED at 2026-04-21T16:15+05:30[Asia/Kolkata]
[session-state] transition UNKNOWN -> EOD_FINALIZED at 2026-04-20T20:00+05:30[Asia/Kolkata]
[session-state] transition UNKNOWN -> HOLIDAY_NO_SESSION at 2026-04-19T10:00+05:30[Asia/Kolkata]
[session-state] transition UNKNOWN -> POST_CLOSE at 2026-04-21T15:45+05:30[Asia/Kolkata]
[INFO] Tests run: 6, Failures: 0, Errors: 0, Skipped: 0, Time elapsed: 0.005 s -- in com.strategysquad.research.MarketSessionStateResolverTest
[INFO] Running com.strategysquad.research.PositionPnlCalculatorTest
[INFO] Tests run: 3, Failures: 0, Errors: 0, Skipped: 0, Time elapsed: 0.002 s -- in com.strategysquad.research.PositionPnlCalculatorTest
[INFO] Running com.strategysquad.research.PositionSessionActionServiceTest
[INFO] Tests run: 5, Failures: 0, Errors: 0, Skipped: 0, Time elapsed: 0.005 s -- in com.strategysquad.research.PositionSessionActionServiceTest
[INFO] Running com.strategysquad.research.ResearchApiIntegrationTest
[INFO] Tests run: 10, Failures: 0, Errors: 0, Skipped: 0, Time elapsed: 1.544 s -- in com.strategysquad.research.ResearchApiIntegrationTest
[INFO] Running com.strategysquad.research.ResearchPositionSessionServiceTest
[INFO] Tests run: 1, Failures: 0, Errors: 0, Skipped: 0, Time elapsed: 0.043 s -- in com.strategysquad.research.ResearchPositionSessionServiceTest
[INFO] Running com.strategysquad.research.StrategyAnalysisCalculatorTest
[INFO] Tests run: 4, Failures: 0, Errors: 0, Skipped: 0, Time elapsed: 0.025 s -- in com.strategysquad.research.StrategyAnalysisCalculatorTest
[INFO] Running com.strategysquad.research.StrategyRunReportServiceTest
[INFO] Tests run: 3, Failures: 0, Errors: 0, Skipped: 0, Time elapsed: 0.030 s -- in com.strategysquad.research.StrategyRunReportServiceTest
[INFO] Running com.strategysquad.research.StrategyStructureDefinitionTest
[INFO] Tests run: 1, Failures: 0, Errors: 0, Skipped: 0, Time elapsed: 0 s -- in com.strategysquad.research.StrategyStructureDefinitionTest
[INFO] Running com.strategysquad.research.TimeframeAnalysisSnapshotCalculatorTest
[INFO] Tests run: 2, Failures: 0, Errors: 0, Skipped: 0, Time elapsed: 0.011 s -- in com.strategysquad.research.TimeframeAnalysisSnapshotCalculatorTest
[INFO] 
[INFO] Results:
[INFO] 
[INFO] Tests run: 329, Failures: 0, Errors: 0, Skipped: 0
[INFO] 
[INFO] ------------------------------------------------------------------------
[INFO] BUILD SUCCESS
[INFO] ------------------------------------------------------------------------
[INFO] Total time:  6.257 s
[INFO] Finished at: 2026-04-26T16:54:00+05:30
[INFO] ------------------------------------------------------------------------
